// Jest Snapshot v1, https://goo.gl/fbAQLP

exports[`MissionsList renders correctly 1`] = `
<div>
  <table>
    <tr>
      <th>
        Mission
      </th>
      <th>
        Description
      </th>
      <th>
        Status
      </th>
      <th>
        Join
      </th>
    </tr>
  </table>
</div>
`;
